// Jest Snapshot v1, https://goo.gl/fbAQLP

exports[`Index page component tests matches snapshots 1`] = `
<div
  className="page-index"
  data-testid="page-index"
>
  <div
    className="page-index-block"
  >
    <a
      className="link-submit"
      data-testid="link-submit"
      href="/submit"
      onClick={[Function]}
    >
      <div
        className="link-submit-icon"
      >
        <i
          className="fa fa-plus"
        />
      </div>
      <div
        className="link-submit-title"
      >
        SUBMİT A LİNK
      </div>
    </a>
  </div>
  <div
    className="page-index-block"
  >
    <div
      className="link-sort"
      data-testid="link-sort"
    >
      <div
        className="common-select"
        data-testid="common-select"
      >
        <div
          className="common-select-label"
          onClick={[Function]}
        >
          <span
            className="common-select-label-inner"
          >
            Creation Date
          </span>
          <span
            className="common-select-label-icon"
          >
            <i
              className="fa fa-caret-down"
            />
          </span>
        </div>
        <div
          className="common-select-options"
          style={
            Object {
              "display": "none",
            }
          }
        >
          <div
            className="common-select-option"
            onClick={[Function]}
          >
            Creation Date
          </div>
          <div
            className="common-select-option"
            onClick={[Function]}
          >
            Most Voted (Z -&gt; A)
          </div>
          <div
            className="common-select-option"
            onClick={[Function]}
          >
            Less Voted (A -&gt; Z)
          </div>
        </div>
      </div>
    </div>
    <div
      className="link-list"
      data-testid="link-list"
    >
      <div
        data-testid="link-list-empty"
      >
        <div
          className="text-center"
        >
          There is a no links here
        </div>
        <div
          className="text-center"
        >
          <button
            onClick={[Function]}
          >
            Load Example Data
          </button>
        </div>
      </div>
    </div>
    <div
      className="link-pagination"
      data-testid="link-pagination"
    >
      
    </div>
  </div>
</div>
`;
