// Jest Snapshot v1, https://goo.gl/fbAQLP

exports[`Index page component tests matches snapshots 1`] = `
<div
  className="link-pagination"
  data-testid="link-pagination"
>
  
</div>
`;
