// Jest Snapshot v1, https://goo.gl/fbAQLP

exports[`Index page component tests matches snapshots 1`] = `
<div
  className="link-item"
  data-testid="link-item"
>
  <button
    className="link-item-remove"
    data-testid="link-item-remove"
    onClick={[Function]}
  >
    <i
      className="fa fa-times"
    />
  </button>
  <div
    className="link-item-vote"
  >
    <div
      className="vote-point"
    >
      0
    </div>
    <div
      className="vote-label"
    >
      POINTS
    </div>
  </div>
  <div
    className="link-item-body"
  >
    <div
      className="link-item-title"
    >
      Google
    </div>
    <div
      className="link-item-url"
    >
      (
      https://google.com
      )
    </div>
    <div
      className="link-item-actions"
    >
      <button
        className="link-item-action"
        data-testid="link-item-up-vote"
        onClick={[Function]}
      >
        <i
          className="fa fa-arrow-up"
        />
         Up Vote
      </button>
      <button
        className="link-item-action"
        data-testid="link-item-down-vote"
        onClick={[Function]}
      >
        <i
          className="fa fa-arrow-down"
        />
         Down Vote
      </button>
    </div>
  </div>
</div>
`;
