// Jest Snapshot v1, https://goo.gl/fbAQLP

exports[`Pagination component tests matches snapshots 1`] = `
<div
  className="common-pagination"
  data-testid="common-pagination"
/>
`;
